// Jest Snapshot v1, https://goo.gl/fbAQLP

exports[`StudentPage should render and match snapshot 1`] = `
<div>
  <div>
    <div>
      <div />
      <p>
        Student Profile
      </p>
      <div>
        <div>
          <div>
            <h1>
              John Doe
            </h1>
            <div />
          </div>
          <div>
            <ul>
               Student id: 
              1210310252
            </ul>
            <ul>
              STEM course : 
              Engineering Maths
            </ul>
            <ul>
              Non STEM course : 
              Fine Arts
            </ul>
          </div>
        </div>
      </div>
      <span>
         
        <i
          class="fa fa-thumbs-down"
        />
      </span>
    </div>
  </div>
</div>
`;
